// Jest Snapshot v1, https://goo.gl/fbAQLP

exports[`Home matches snapshot 1`] = `
<h1 class="mt-10 text-4xl font-extrabold tracking-tight text-white sm:text-5xl lg:text-6xl"> Hello World! </h1>
<p class="mt-6 text-xl text-indigo-100 max-w-3xl"> Lorem ipsum dolor sit amet consectetur adipisicing elit. Earum ipsa eos harum pariatur asperiores accusantium qui facere eligendi aspernatur! Ea nobis quo quisquam facere. At, itaque. Repellendus eius ut neque? </p>
<div class="relative inline-block text-left mt-10">
  <div><button id="headlessui-menu-button-3" type="button" aria-haspopup="true" class="inline-flex justify-center w-full rounded-md border border-gray-300 shadow-sm px-4 py-2 bg-white text-sm font-medium text-gray-700 hover:bg-gray-50 focus:outline-none focus:ring-2 focus:ring-offset-2 focus:ring-offset-gray-100 focus:ring-indigo-500">This is a Dropdown <svg xmlns="http://www.w3.org/2000/svg" viewBox="0 0 20 20" fill="currentColor" class="-mr-1 ml-2 h-5 w-5">
        <path fill-rule="evenodd" d="M5.293 7.293a1 1 0 011.414 0L10 10.586l3.293-3.293a1 1 0 111.414 1.414l-4 4a1 1 0 01-1.414 0l-4-4a1 1 0 010-1.414z" clip-rule="evenodd"></path>
      </svg></button></div>
  <transition-stub>
    <!---->
  </transition-stub>
</div>
`;
