// Jest Snapshot v1, https://goo.gl/fbAQLP

exports[`App matches snapshot 1`] = `
<div class="flex flex-col min-h-screen bg-red-50">
  <header><svg class="absolute inset-0 hidden w-full h-96 drop-shadow-xl filter sm:block" fill="none" preserveAspectRatio="none" viewBox="0 0 100 100">
      <polygon fill="currentColor" class="text-red-800" points="0,0 0,100 100,0"></polygon>
    </svg>
    <div class="relative bg-red-800 sm:bg-transparent">
      <div class="mx-auto px-4 py-8 max-w-5xl sm:px-6 sm:py-10 lg:px-8">
        <div class="flex items-center space-x-5 sm:space-x-10"><img src="[object Object]" alt="Ruby on Rails" class="p-3 h-16 bg-red-100 rounded sm:h-24">
          <div class="text-red-100 text-4xl sm:text-8xl">+</div><img src="[object Object]" alt="Vue.js 3" class="p-3 h-16 bg-red-100 rounded sm:h-24">
        </div>
        <nav role="tablist" aria-orientation="horizontal" class="flex space-x-4 mt-10"><a href="/" class="router-link-active router-link-exact-active bg-red-200 border border-red-200  text-red-900 px-4 py-1 font-medium text-lg rounded-md" id="headlessui-tabs-tab-1" role="tab" aria-selected="true" tabindex="0" aria-current="page">Home</a><a href="/about" class="bg-red-800 border border-red-200  text-red-200 hover:bg-red-300 hover:text-red-800 px-4 py-1 font-medium text-lg rounded-md" id="headlessui-tabs-tab-2" role="tab" aria-selected="false" tabindex="-1">About</a></nav>
      </div>
    </div>
  </header>
  <main class="relative flex-grow mx-auto pb-24 pt-10 px-4 w-full max-w-5xl bg-transparent sm:px-6 sm:py-32 lg:px-8 lg:py-24">Home page</main>
  <footer class="fixed bottom-0 pb-4 pt-2 w-full text-white text-sm bg-gray-700">
    <div class="flex flex-wrap mx-auto px-4 max-w-5xl sm:px-6 lg:px-8">
      <div class="w-full text-center sm:w-1/4 sm:text-left"><a class="hover:underline" target="_blank" rel="noopener noreferrer" href="https://github.com/ledermann/templatus"> Source on GitHub </a></div>
      <div class="w-full text-center sm:w-1/4">
        <!--v-if-->
      </div>
      <div class="w-full text-center sm:w-1/2 sm:text-right">
        <!--v-if-->
      </div>
    </div>
  </footer>
</div>
`;
