// Jest Snapshot v1, https://goo.gl/fbAQLP

exports[`Home matches snapshot 1`] = `
<div class="lg:mr-64">
  <h1 class="text-4xl font-extrabold tracking-tight text-rails-dark break-words sm:text-5xl lg:text-6xl">Hello, World!</h1>
  <p class="mt-6 max-w-4xl text-base lg:text-xl"> Templatus is an opinionated template for web applications with <b>Ruby on Rails</b> and <b>Vue.js 3</b></p>
</div>
<div class="flex flex-col mt-5 w-full lg:absolute lg:-top-5 lg:-right-10 lg:p-3 lg:mt-0 lg:w-56 lg:bg-gradient-to-br lg:from-slate-100 lg:to-white lg:rounded lg:shadow">
  <div id="counter" class="text-center">
    <transition-stub>
      <div class="text-5xl font-bold">42</div>
    </transition-stub>
    <div class="py-1 uppercase">Clicks</div>
  </div><button type="button" class="py-2 mt-3 w-full font-medium text-black hover:text-white bg-rose hover:bg-rails-light rounded active:outline-none active:ring-2 active:ring-rails-light active:ring-offset-1"> Click me! </button>
  <p class="hidden mt-3 text-xs text-center text-gray-600 sm:block"> Tip: Open two browser windows in parallel and see what happens. </p>
</div>
<h2 class="mt-20 text-xl font-medium tracking-wide text-center text-rails-dark uppercase sm:text-left"> Latest clicks </h2>
<transition-group-stub>
  <li class="py-4">
    <p><span class="py-1 px-2 font-mono text-rose bg-gray-900 rounded">1.2.3.4</span><span class="px-1 ml-2 font-medium text-gray-900">Sun, 23 May 2021 09:27:21 GMT</span></p><code class="block mt-4 font-extralight text-gray-500">Jest</code>
  </li>
</transition-group-stub>
`;
