// Jest Snapshot v1, https://goo.gl/fbAQLP

exports[`NotFound matches snapshot 1`] = `
<h1 class="text-rails-dark break-words text-4xl font-extrabold tracking-tight sm:text-5xl lg:text-6xl">Error 404</h1>
<div class="mb-20 mt-6 inline-block rounded bg-yellow-200 p-5 text-3xl">
  <p>Page not found</p>
</div>
`;
